# protocols:
#   algorand:
#     disabled: false
#     networks:
#       betanet:
#         disabled: false
#         nameservice-address: ""
#         nameservice-domain-name: ""
#         public-key-finder: "algorand-public-key-extractor"
#         receiver: ""
#         sender: ""
#       mainnet:
#         disabled: false
#         nameservice-address: ""
#         nameservice-domain-name: ""
#         public-key-finder: "algorand-public-key-extractor"
#         receiver: ""
#         sender: ""
#       testnet:
#         disabled: false
#         nameservice-address: ""
#         nameservice-domain-name: ""
#         public-key-finder: "algorand-public-key-extractor"
#         receiver: ""
#         sender: ""
#   ethereum:
#     disabled: false
#     networks:
#       goerli:
#         disabled: false
#         nameservice-address: "mailchain"
#         nameservice-domain-name: "mailchain"
#         public-key-finder: "etherscan-no-auth"
#         receiver: "etherscan-no-auth"
#         sender: "ethereum-relay"
#       kovan:
#         disabled: false
#         nameservice-address: "mailchain"
#         nameservice-domain-name: "mailchain"
#         public-key-finder: "etherscan-no-auth"
#         receiver: "etherscan-no-auth"
#         sender: "ethereum-relay"
#       mainnet:
#         disabled: false
#         nameservice-address: "mailchain"
#         nameservice-domain-name: "mailchain"
#         public-key-finder: "etherscan-no-auth"
#         receiver: "etherscan-no-auth"
#         sender: "ethereum-relay"
#       rinkeby:
#         disabled: false
#         nameservice-address: "mailchain"
#         nameservice-domain-name: "mailchain"
#         public-key-finder: "etherscan-no-auth"
#         receiver: "etherscan-no-auth"
#         sender: "ethereum-relay"
#       ropsten:
#         disabled: false
#         nameservice-address: "mailchain"
#         nameservice-domain-name: "mailchain"
#         public-key-finder: "etherscan-no-auth"
#         receiver: "etherscan-no-auth"
#         sender: "ethereum-relay"
#   substrate:
#     disabled: false
#     networks:
#       edgeware-beresheet:
#         disabled: false
#         nameservice-address: ""
#         nameservice-domain-name: ""
#         public-key-finder: "substrate-public-key-finder"
#         receiver: "mailchain"
#         sender: "substrate-rpc-edgeware-beresheet"
#       edgeware-local:
#         disabled: false
#         nameservice-address: ""
#         nameservice-domain-name: ""
#         public-key-finder: "substrate-public-key-finder"
#         receiver: "mailchain"
#         sender: "substrate-rpc-edgeware-local"
#       edgeware-mainnet:
#         disabled: false
#         nameservice-address: ""
#         nameservice-domain-name: ""
#         public-key-finder: "substrate-public-key-finder"
#         receiver: "mailchain"
#         sender: "substrate-rpc-edgeware-mainnet"
# nameservice-address:
#   mailchain:
#     base-url: "https://ns.mailchain.xyz/"
#     enabled-networks:
#       - "ethereum/goerli"
#       - "ethereum/kovan"
#       - "ethereum/mainnet"
#       - "ethereum/rinkeby"
#       - "ethereum/ropsten"
# nameservice-domain-name:
#   mailchain:
#     base-url: "https://ns.mailchain.xyz/"
#     enabled-networks:
#       - "ethereum/goerli"
#       - "ethereum/kovan"
#       - "ethereum/mainnet"
#       - "ethereum/rinkeby"
#       - "ethereum/ropsten"
# public-key-finders:
#   algorand-public-key-extractor:
#     disabled: false
#     enabled-networks:
#       - "algorand/mainnet"
#       - "algorand/betanet"
#       - "algorand/testnet"
#   blockscout-no-auth:
#     enabled-networks:
#       - "ethereum/mainnet"
#   etherscan:
#     api-key: ""
#     enabled-networks:
#       - "ethereum/goerli"
#       - "ethereum/kovan"
#       - "ethereum/mainnet"
#       - "ethereum/rinkeby"
#       - "ethereum/ropsten"
#   etherscan-no-auth:
#     api-key: ""
#     enabled-networks:
#       - "ethereum/goerli"
#       - "ethereum/kovan"
#       - "ethereum/mainnet"
#       - "ethereum/rinkeby"
#       - "ethereum/ropsten"
#   substrate-public-key-finder:
#     disabled: false
#     enabled-networks:
#       - "substrate/edgeware-mainnet"
#       - "substrate/edgeware-beresheet"
#       - "substrate/edgeware-local"
# receivers:
#   blockscout-no-auth:
#     enabled-networks:
#       - "ethereum/mainnet"
#   etherscan:
#     api-key: ""
#     enabled-networks:
#       - "ethereum/goerli"
#       - "ethereum/kovan"
#       - "ethereum/mainnet"
#       - "ethereum/rinkeby"
#       - "ethereum/ropsten"
#   etherscan-no-auth:
#     api-key: ""
#     enabled-networks:
#       - "ethereum/goerli"
#       - "ethereum/kovan"
#       - "ethereum/mainnet"
#       - "ethereum/rinkeby"
#       - "ethereum/ropsten"
#   mailchain:
#     address: "http://localhost:8081"
#     enabled-networks:
#       - "substrate/edgeware-local"
#       - "substrate/edgeware-beresheet"
#       - "substrate/edgeware-mainnet"
# senders:
#   ethereum-relay:
#     base-url: "https://relay.mailchain.xyz/"
#     enabled-networks:
#       - "ethereum/goerli"
#       - "ethereum/kovan"
#       - "ethereum/mainnet"
#       - "ethereum/rinkeby"
#       - "ethereum/ropsten"
#   ethereum-rpc2-goerli:
#     address: "https://relay.mailchain.xyz/json-rpc/ethereum/goerli"
#   ethereum-rpc2-kovan:
#     address: "https://relay.mailchain.xyz/json-rpc/ethereum/kovan"
#   ethereum-rpc2-mainnet:
#     address: "https://relay.mailchain.xyz/json-rpc/ethereum/mainnet"
#   ethereum-rpc2-rinkeby:
#     address: "https://relay.mailchain.xyz/json-rpc/ethereum/rinkeby"
#   ethereum-rpc2-ropsten:
#     address: "https://relay.mailchain.xyz/json-rpc/ethereum/ropsten"
#   substrate-rpc-edgeware-beresheet:
#     address: "ws://beresheet1.edgewa.re:9944"
#   substrate-rpc-edgeware-local:
#     address: "ws://localhost:9944"
#   substrate-rpc-edgeware-mainnet:
#     address: "ws://mainnet1.edgewa.re:9944"
keystore:
#   kind: "NACLfilestore"
  NACLfilestore:
    path: "/home/user/.mailchain/.keystore"
mailboxState:
  badgerdb:
    path: "/home/user/.mailchain/.mailbox"
# sentstore:
#   kind: "mailchain"
#   pinata:
#     api-key: ""
#     api-secret: ""
#   s3:
#     accessKeyId: ""
#     bucket: ""
#     region: ""
#     secretAccessKey: ""
cache:
  path: "/home/user/.mailchain/.message-cache"
#   timeout: "1h"
# server:
#   port: 8080
#   cors:
#     allowedOrigins:
#       - "*"
#     disabled: false
